// Jest Snapshot v1, https://goo.gl/fbAQLP

exports[`Main should render the main page 1`] = `
.emotion-0 {
  padding-bottom: 63px;
}

.emotion-2 {
  background: #fff;
  display: -webkit-box;
  display: -webkit-flex;
  display: -ms-flexbox;
  display: flex;
  -webkit-box-pack: left;
  -ms-flex-pack: left;
  -webkit-justify-content: left;
  justify-content: left;
  -webkit-align-items: center;
  -webkit-box-align: center;
  -ms-flex-align: center;
  align-items: center;
  padding: 12px;
  -webkit-transition: padding 100ms ease-in;
  transition: padding 100ms ease-in;
}

@media screen and (min-width: 992px) {
  .emotion-2 {
    padding: 24px;
  }
}

.emotion-4 {
  display: block;
}

.emotion-6 {
  display: block;
  height: 24px;
  -webkit-transition: height 100ms ease-in;
  transition: height 100ms ease-in;
}

@media screen and (min-width: 992px) {
  .emotion-6 {
    height: 32px;
  }
}

.emotion-8 {
  display: block;
  width: 100%;
}

.emotion-10 {
  color: #1E2A32;
  font-family: 'Work Sans',sans-serif;
  font-weight: normal;
  font-size: 18px;
  line-height: 120%;
  text-align: center;
  margin: 32px 0 24px;
}

@media screen and (min-width: 992px) {
  .emotion-10 {
    font-size: 20px;
  }
}

.emotion-10 strong {
  font-weight: 600;
}

.emotion-10.highEmphasis {
  color: #1B31A8;
}

@media screen and (min-width: 992px) {
  .emotion-10 {
    margin-top: 48px;
  }
}

.emotion-12 {
  background: #FFFFFF;
  border-radius: 8px;
  box-shadow: 0px 16px 32px rgba(30, 42, 50, 0.08);
  margin: 0 auto;
  padding: 30px 24px 40px 24px;
  max-width: 560px;
  box-sizing: border-box;
}

.emotion-14 {
  display: -webkit-box;
  display: -webkit-flex;
  display: -ms-flexbox;
  display: flex;
  -webkit-align-items: center;
  -webkit-box-align: center;
  -ms-flex-align: center;
  align-items: center;
  justtify-content: left;
}

.emotion-14 svg {
  margin-right: 15px;
}

.emotion-16 {
  display: -webkit-box;
  display: -webkit-flex;
  display: -ms-flexbox;
  display: flex;
  -webkit-align-items: left;
  -webkit-box-align: left;
  -ms-flex-align: left;
  align-items: left;
  -webkit-box-pack: center;
  -ms-flex-pack: center;
  -webkit-justify-content: center;
  justify-content: center;
  -webkit-flex-direction: column;
  -ms-flex-direction: column;
  flex-direction: column;
}

.emotion-18 {
  font-family: 'Rubik',sans-serif;
  font-weight: 500;
  font-size: 20px;
  line-height: 120%;
  display: block;
}

@media screen and (min-width: 992px) {
  .emotion-18 {
    font-size: 24px;
  }
}

.emotion-18.highEmphasis {
  color: #1E2A32;
}

.emotion-20 {
  font-family: 'Work Sans',sans-serif;
  font-weight: 400;
  font-size: 14px;
  line-height: 150%;
  display: block;
}

@media screen and (min-width: 992px) {
  .emotion-20 {
    font-size: 16px;
  }
}

.emotion-20.semibold,
.emotion-20 strong {
  font-weight: 600;
}

.emotion-20.highEmphasis {
  color: #1E2A32;
}

.emotion-20.lowEmphasis {
  color: #708797;
}

.emotion-22 {
  margin: 24px 0;
}

.emotion-22>div+div {
  margin-top: 16px;
}

@media screen and (min-width: 992px) {
  .emotion-22 {
    display: -webkit-box;
    display: -webkit-flex;
    display: -ms-flexbox;
    display: flex;
  }

  .emotion-22>div+div {
    margin-top: 0;
    min-width: 192px;
  }

  .emotion-22>div:first-of-type {
    -webkit-flex: 1;
    -ms-flex: 1;
    flex: 1;
    margin-right: 16px;
  }
}

.emotion-26 {
  display: -webkit-box;
  display: -webkit-flex;
  display: -ms-flexbox;
  display: flex;
  -webkit-flex-direction: column;
  -ms-flex-direction: column;
  flex-direction: column;
}

.emotion-28 {
  font-family: 'Work Sans',sans-serif;
  font-weight: 400;
  font-size: 12px;
  line-height: 150%;
  margin-bottom: 4px;
  color: #1E2A32;
}

@media screen and (min-width: 992px) {
  .emotion-28 {
    font-size: 14px;
  }
}

.emotion-30 {
  border: 1px solid #E9EEF2;
  border-radius: 4px;
  background: #fff;
  display: -webkit-box;
  display: -webkit-flex;
  display: -ms-flexbox;
  display: flex;
  -webkit-align-items: center;
  -webkit-box-align: center;
  -ms-flex-align: center;
  align-items: center;
  min-height: 56px;
  position: relative;
  padding: 0 14px;
}

.emotion-30 svg+input {
  padding-left: 7px;
}

.emotion-32 {
  font-family: 'Rubik',sans-serif;
  font-weight: 500;
  font-size: 20px;
  line-height: 120%;
  color: #4D6475;
  padding: 14px 0;
  width: 100%;
}

@media screen and (min-width: 992px) {
  .emotion-32 {
    font-size: 24px;
  }
}

.emotion-32.highEmphasis {
  color: #1E2A32;
}

.emotion-36:focus {
  background: red;
}

.emotion-38 {
  display: -webkit-box;
  display: -webkit-flex;
  display: -ms-flexbox;
  display: flex;
  -webkit-flex-direction: column;
  -ms-flex-direction: column;
  flex-direction: column;
}

.emotion-38 input {
  width: auto;
  -webkit-transform: translateX(-50%);
  -moz-transform: translateX(-50%);
  -ms-transform: translateX(-50%);
  transform: translateX(-50%);
  position: absolute;
  left: 50%;
  z-index: 1;
}

.emotion-44 {
  display: -webkit-box;
  display: -webkit-flex;
  display: -ms-flexbox;
  display: flex;
  -webkit-align-items: center;
  -webkit-box-align: center;
  -ms-flex-align: center;
  align-items: center;
  -webkit-box-pack: start;
  -ms-flex-pack: start;
  -webkit-justify-content: flex-start;
  justify-content: flex-start;
  width: 50%;
  height: 56px;
  padding: 0 14px;
  position: absolute;
  z-index: 10;
  -webkit-transition: -webkit-transform 100ms ease-in-out;
  transition: transform 100ms ease-in-out;
  left: 0;
}

@media screen and (min-width: 992px) {
  .emotion-44 {
    padding: 0;
  }

  .emotion-44 svg {
    margin-left: 12px;
  }

  .emotion-44:hover svg {
    -webkit-transform: scale(1.2);
    -moz-transform: scale(1.2);
    -ms-transform: scale(1.2);
    transform: scale(1.2);
  }
}

.emotion-44:active svg {
  -webkit-transform: scale(1.4);
  -moz-transform: scale(1.4);
  -ms-transform: scale(1.4);
  transform: scale(1.4);
  -webkit-transition: 0.1s;
  transition: 0.1s;
}

.emotion-46 {
  border: 1px solid #E9EEF2;
  border-radius: 4px;
  background: #fff;
  display: -webkit-box;
  display: -webkit-flex;
  display: -ms-flexbox;
  display: flex;
  -webkit-align-items: center;
  -webkit-box-align: center;
  -ms-flex-align: center;
  align-items: center;
  min-height: 56px;
  border: 0;
  cursor: pointer;
  -webkit-flex-direction: column;
  -ms-flex-direction: column;
  flex-direction: column;
  -webkit-box-pack: center;
  -ms-flex-pack: center;
  -webkit-justify-content: center;
  justify-content: center;
  -webkit-flex: 1;
  -ms-flex: 1;
  flex: 1;
  z-index: 5;
}

.emotion-48 {
  -webkit-user-select: none;
  -moz-user-select: none;
  -ms-user-select: none;
  user-select: none;
  font-family: 'Work Sans',sans-serif;
  font-weight: 400;
  font-size: 14px;
  line-height: 150%;
}

@media screen and (min-width: 992px) {
  .emotion-48 {
    font-size: 16px;
  }
}

.emotion-48.semibold,
.emotion-48 strong {
  font-weight: 600;
}

.emotion-48.highEmphasis {
  color: #1E2A32;
}

.emotion-48.lowEmphasis {
  color: #708797;
}

.emotion-50 {
  -webkit-user-select: none;
  -moz-user-select: none;
  -ms-user-select: none;
  user-select: none;
  font-family: 'Work Sans',sans-serif;
  font-weight: 400;
  font-size: 14px;
  line-height: 150%;
}

@media screen and (min-width: 992px) {
  .emotion-50 {
    font-size: 16px;
  }
}

.emotion-50.semibold,
.emotion-50 strong {
  font-weight: 600;
}

.emotion-50.highEmphasis {
  color: #1E2A32;
}

.emotion-50.lowEmphasis {
  color: #708797;
}

.emotion-54 {
  display: -webkit-box;
  display: -webkit-flex;
  display: -ms-flexbox;
  display: flex;
  -webkit-align-items: center;
  -webkit-box-align: center;
  -ms-flex-align: center;
  align-items: center;
  -webkit-box-pack: start;
  -ms-flex-pack: start;
  -webkit-justify-content: flex-start;
  justify-content: flex-start;
  width: 50%;
  height: 56px;
  padding: 0 14px;
  position: absolute;
  z-index: 10;
  -webkit-transition: -webkit-transform 100ms ease-in-out;
  transition: transform 100ms ease-in-out;
  -webkit-box-pack: end;
  -ms-flex-pack: end;
  -webkit-justify-content: flex-end;
  justify-content: flex-end;
  right: 0;
}

@media screen and (min-width: 992px) {
  .emotion-54 {
    padding: 0;
  }

  .emotion-54 svg {
    margin-left: 12px;
  }

  .emotion-54:hover svg {
    -webkit-transform: scale(1.2);
    -moz-transform: scale(1.2);
    -ms-transform: scale(1.2);
    transform: scale(1.2);
  }
}

.emotion-54:active svg {
  -webkit-transform: scale(1.4);
  -moz-transform: scale(1.4);
  -ms-transform: scale(1.4);
  transform: scale(1.4);
  -webkit-transition: 0.1s;
  transition: 0.1s;
}

@media screen and (min-width: 992px) {
  .emotion-54 svg {
    margin-left: 0;
    margin-right: 12px;
  }

  .emotion-54:hover svg {
    -webkit-transform: rotate(180deg) scale(1.2);
    -moz-transform: rotate(180deg) scale(1.2);
    -ms-transform: rotate(180deg) scale(1.2);
    transform: rotate(180deg) scale(1.2);
  }
}

.emotion-54:active svg {
  -webkit-transform: rotate(180deg) scale(1.4);
  -moz-transform: rotate(180deg) scale(1.4);
  -ms-transform: rotate(180deg) scale(1.4);
  transform: rotate(180deg) scale(1.4);
}

.emotion-56 {
  border: 1px solid #E9EEF2;
  border-radius: 8px;
  margin-bottom: 32px;
}

.emotion-56>* {
  border-radius: 8px;
}

.emotion-56>*:last-child {
  border-radius: 0 0 8px 8px;
  min-height: 80px;
  display: -webkit-box;
  display: -webkit-flex;
  display: -ms-flexbox;
  display: flex;
  -webkit-align-items: center;
  -webkit-box-align: center;
  -ms-flex-align: center;
  align-items: center;
}

.emotion-58 {
  padding: 24px;
  background: #fff;
  display: -webkit-box;
  display: -webkit-flex;
  display: -ms-flexbox;
  display: flex;
  -webkit-align-items: center;
  -webkit-box-align: center;
  -ms-flex-align: center;
  align-items: center;
}

@media screen and (min-width: 992px) {
  .emotion-58 {
    padding-left: 32px;
    padding-right: 32px;
  }
}

.emotion-60 {
  color: #1E2A32;
  font-family: 'Work Sans',sans-serif;
  font-weight: normal;
  font-size: 18px;
  line-height: 120%;
  text-align: center;
  text-align: left;
  -webkit-flex: 1;
  -ms-flex: 1;
  flex: 1;
}

@media screen and (min-width: 992px) {
  .emotion-60 {
    font-size: 20px;
  }
}

.emotion-60 strong {
  font-weight: 600;
}

.emotion-60.highEmphasis {
  color: #1B31A8;
}

.emotion-62 {
  font-family: 'Rubik',sans-serif;
  font-weight: 500;
  font-size: 24px;
  line-height: 120%;
  text-align: right;
  -webkit-flex: 1;
  -ms-flex: 1;
  flex: 1;
}

.emotion-62.highEmphasis {
  color: #0079FF;
}

.emotion-64 {
  padding: 24px;
  font-family: 'Work Sans',sans-serif;
  font-weight: 400;
  font-size: 12px;
  line-height: 16px;
  background: #F4F8FA;
}

@media screen and (min-width: 992px) {
  .emotion-64 {
    padding-left: 32px;
    padding-right: 32px;
  }
}

.emotion-64.highEmphasis {
  color: #1E2A32;
}

.emotion-64 strong {
  font-weight: 600;
}

.emotion-66 {
  display: -webkit-box;
  display: -webkit-flex;
  display: -ms-flexbox;
  display: flex;
  -webkit-align-items: center;
  -webkit-box-align: center;
  -ms-flex-align: center;
  align-items: center;
  -webkit-box-pack: center;
  -ms-flex-pack: center;
  -webkit-justify-content: center;
  justify-content: center;
  margin: 0 auto;
  -webkit-transition: all 200ms ease-in-out;
  transition: all 200ms ease-in-out;
  background: #1B31A8;
  border-radius: 32px;
  color: #FFFFFF;
  font-size: 16px;
  height: 56px;
  width: 100%;
  max-width: 320px;
}

.emotion-66:hover {
  border: 2px solid #000;
  background-color: #000;
  box-shadow: 3px 3px 11px 0 rgb(1 58 117 / 33%);
  -webkit-transform: translate(0, -5px);
  -moz-transform: translate(0, -5px);
  -ms-transform: translate(0, -5px);
  transform: translate(0, -5px);
}

<div
  class="emotion-0 emotion-1"
  data-testid="mainPage"
>
  <header
    class="emotion-2 emotion-3"
  >
    <a
      class="emotion-4 emotion-5"
      href="/"
      title="Origin Home"
    >
      <img
        alt="Origin Logo"
        class="emotion-6 emotion-7"
        src="SvgrURL"
      />
    </a>
  </header>
  <main
    class="emotion-8 emotion-9"
  >
    <h1
      class="highEmphasis emotion-10 emotion-11"
    >
      Let's plan your 
      <strong>
        saving goal
      </strong>
      .
    </h1>
    <div
      class="emotion-12 emotion-13"
    >
      <div
        class="emotion-14 emotion-15"
        data-testid="simulator-header"
      >
        <div />
        <div
          class="emotion-16 emotion-17"
        >
          <h2
            class="highEmphasis emotion-18 emotion-19"
          >
            Buy a house
          </h2>
          <h3
            class="lowEmphasis emotion-20 emotion-21"
          >
            Saving goal
          </h3>
        </div>
      </div>
      <div
        class="emotion-22 emotion-23"
      >
        <div
          class="emotion-24 emotion-25"
          data-testid="simulator-amount"
        >
          <div
            class="emotion-26 emotion-27"
          >
            <label
              class="emotion-28 emotion-29"
              for="amount"
            >
              Total amount
            </label>
            <div
              class="emotion-30 emotion-31"
            >
              <div />
              <input
                class="emotion-32 emotion-33"
                id="amount"
                name="amount"
                type="text"
                value="0"
              />
            </div>
          </div>
        </div>
        <div
          class="emotion-34 emotion-35"
          data-testid="simulator-reach-date"
        >
          <div
            class="emotion-36 emotion-37"
          >
            <div
              class="emotion-38 emotion-27"
            >
              <label
                class="emotion-28 emotion-29"
                for="reachDate"
              >
                Reach goal by
              </label>
              <div
                class="emotion-30 emotion-31"
              >
                <button
                  class="emotion-44 emotion-45"
                  type="button"
                >
                  <div />
                </button>
                <div
                  class="emotion-46 emotion-47"
                >
                  <div
                    class="highEmphasis semibold emotion-48 emotion-49"
                  >
                    September
                  </div>
                  <div
                    class="highEmphasis emotion-50 emotion-51"
                  >
                    2021
                  </div>
                </div>
                <input
                  class="emotion-32 emotion-33"
                  hidden=""
                  id="reachDate"
                  name="reachDate"
                  readonly=""
                  type="text"
                  value="2021-9"
                />
                <button
                  class="emotion-54 emotion-55"
                  type="button"
                >
                  <div
                    transform="rotate(180)"
                  />
                </button>
              </div>
            </div>
          </div>
        </div>
      </div>
      <div
        class="emotion-56 emotion-57"
      >
        <div
          class="emotion-58 emotion-59"
          data-testid="simulator-result"
        >
          <div
            class="emotion-60 emotion-61"
          >
            Monthly amount
          </div>
          <div
            class="highEmphasis emotion-62 emotion-63"
          >
            $0
          </div>
        </div>
        <div
          class="highEmphasis emotion-64 emotion-65"
          data-testid="simulator-result-explained"
        >
          <p>
            You're planning 
            <strong>
              1
               monthly deposits
            </strong>
             to reach your
             
            <strong>
              $
              0.00
            </strong>
             goal by 
            <strong>
              September 2021
            </strong>
          </p>
        </div>
      </div>
      <a
        class="emotion-66 emotion-67"
        href="/"
        styletype="cta"
        type="button"
      />
    </div>
  </main>
</div>
`;
