// Jest Snapshot v1, https://goo.gl/fbAQLP

exports[`Container Simulator Header should display all 1`] = `
.emotion-0 {
  display: -webkit-box;
  display: -webkit-flex;
  display: -ms-flexbox;
  display: flex;
  -webkit-align-items: center;
  -webkit-box-align: center;
  -ms-flex-align: center;
  align-items: center;
  justtify-content: left;
}

.emotion-0 svg {
  margin-right: 15px;
}

.emotion-2 {
  display: -webkit-box;
  display: -webkit-flex;
  display: -ms-flexbox;
  display: flex;
  -webkit-align-items: left;
  -webkit-box-align: left;
  -ms-flex-align: left;
  align-items: left;
  -webkit-box-pack: center;
  -ms-flex-pack: center;
  -webkit-justify-content: center;
  justify-content: center;
  -webkit-flex-direction: column;
  -ms-flex-direction: column;
  flex-direction: column;
}

.emotion-4 {
  font-family: 'Rubik',sans-serif;
  font-weight: 500;
  font-size: 20px;
  line-height: 120%;
  display: block;
}

@media screen and (min-width: 992px) {
  .emotion-4 {
    font-size: 24px;
  }
}

.emotion-4.highEmphasis {
  color: #1E2A32;
}

.emotion-6 {
  font-family: 'Work Sans',sans-serif;
  font-weight: 400;
  font-size: 14px;
  line-height: 150%;
  display: block;
}

@media screen and (min-width: 992px) {
  .emotion-6 {
    font-size: 16px;
  }
}

.emotion-6.semibold,
.emotion-6 strong {
  font-weight: 600;
}

.emotion-6.highEmphasis {
  color: #1E2A32;
}

.emotion-6.lowEmphasis {
  color: #708797;
}

<div
  class="emotion-0 emotion-1"
  data-testid="simulator-header"
>
  <div
    role="img"
  />
  <div
    class="emotion-2 emotion-3"
  >
    <h2
      class="highEmphasis emotion-4 emotion-5"
    >
      Title
    </h2>
    <h3
      class="lowEmphasis emotion-6 emotion-7"
    >
      Subtitle
    </h3>
  </div>
</div>
`;
